// Jest Snapshot v1, https://goo.gl/fbAQLP

exports[`test home page 1`] = `
<div>
  home page
</div>
`;

exports[`test home page 2`] = `
<div>
  home page
</div>
`;
